MPLINK 5.08, LINKER
Linker Map File - Created Wed Dec 21 15:03:18 2016

                                 Section Info
                  Section       Type    Address   Location Size(Bytes)
                ---------  ---------  ---------  ---------  ---------
                   .org_0       code   0x000000    program   0x000000
                   .org_1       code   0x000000    program   0x000008
                   .org_2       code   0x000004    program   0x000072
.config_8007_/USERS/BENH/GIT/OKOS/KEYBOARD.X/       code   0x008007    program   0x000002
.config_8008_/USERS/BENH/GIT/OKOS/KEYBOARD.X/       code   0x008008    program   0x000002



                              Program Memory Usage 
                               Start         End      
                           ---------   ---------      
                            0x000000    0x00003c      
                            0x008007    0x008008      
            63 out of 4103 program addresses used, program memory utilization is 1%



                              Symbols - Sorted by Name
                     Name    Address   Location    Storage File                     
                ---------  ---------  ---------  --------- ---------                
             endOfProgram   0x00003d    program     static /Users/benh/git/okos/keyboard.X/main.asm
                     init   0x00000c    program     static /Users/benh/git/okos/keyboard.X/main.asm
                      isr   0x000004    program     static /Users/benh/git/okos/keyboard.X/main.asm
           keyPressedDone   0x000029    program     static /Users/benh/git/okos/keyboard.X/main.asm
           keyPressedLoop   0x000025    program     static /Users/benh/git/okos/keyboard.X/main.asm
               reset_init   0x000000    program     static /Users/benh/git/okos/keyboard.X/main.asm
             sampleButton   0x00002e    program     static /Users/benh/git/okos/keyboard.X/main.asm
                 scanInit   0x000019    program     static /Users/benh/git/okos/keyboard.X/main.asm
                 scanLoop   0x00001b    program     static /Users/benh/git/okos/keyboard.X/main.asm
                 sendByte   0x000007    program     static /Users/benh/git/okos/keyboard.X/main.asm
              waitAdcDone   0x000039    program     static /Users/benh/git/okos/keyboard.X/main.asm
                 waitTrmt   0x000008    program     static /Users/benh/git/okos/keyboard.X/main.asm



                              Symbols - Sorted by Address
                     Name    Address   Location    Storage File                     
                ---------  ---------  ---------  --------- ---------                
               reset_init   0x000000    program     static /Users/benh/git/okos/keyboard.X/main.asm
                      isr   0x000004    program     static /Users/benh/git/okos/keyboard.X/main.asm
                 sendByte   0x000007    program     static /Users/benh/git/okos/keyboard.X/main.asm
                 waitTrmt   0x000008    program     static /Users/benh/git/okos/keyboard.X/main.asm
                     init   0x00000c    program     static /Users/benh/git/okos/keyboard.X/main.asm
                 scanInit   0x000019    program     static /Users/benh/git/okos/keyboard.X/main.asm
                 scanLoop   0x00001b    program     static /Users/benh/git/okos/keyboard.X/main.asm
           keyPressedLoop   0x000025    program     static /Users/benh/git/okos/keyboard.X/main.asm
           keyPressedDone   0x000029    program     static /Users/benh/git/okos/keyboard.X/main.asm
             sampleButton   0x00002e    program     static /Users/benh/git/okos/keyboard.X/main.asm
              waitAdcDone   0x000039    program     static /Users/benh/git/okos/keyboard.X/main.asm
             endOfProgram   0x00003d    program     static /Users/benh/git/okos/keyboard.X/main.asm


